[priglasi-krasivo.online/charm.html]
[backblue.gif]
[fade.gif]
[index.html]
[static.tildacdn.com/tild6366-3661-4239-a232-376533336434/a82f6a0fdb4eb78113c9.jpg]
[static.tildacdn.com/tild3339-6665-4666-a137-626262313934/mdi_heart.png]
[static.tildacdn.com/tild6165-3731-4430-b838-643733353231/mdi_heart.png]
[static.tildacdn.com/tild3538-6366-4338-a536-333061396436/mdi_heart.png]
[neo.tildacdn.com/js/tilda-fallback-1.0.min.js]
[static.tildacdn.com/css/tilda-grid-3.0.min.css]
[static.tildacdn.com/ws/project8501916/tilda-blocks-page61871191.min85eb.css]
[static.tildacdn.com/css/tilda-animation-2.0.min.css]
[static.tildacdn.com/css/tilda-forms-1.0.min.css]
[static.tildacdn.com/js/tilda-polyfill-1.0.min.js]
[static.tildacdn.com/js/jquery-1.10.2.min.js]
[static.tildacdn.com/js/tilda-scripts-3.0.min.js]
[static.tildacdn.com/ws/project8501916/tilda-blocks-page61871191.min85eb.js]
[static.tildacdn.com/js/tilda-lazyload-1.0.min.js]
[static.tildacdn.com/js/tilda-animation-2.0.min.js]
[static.tildacdn.com/js/tilda-zero-1.1.min.js]
[priglasi-krasivo.online/OPR/index.html]
[static.tildacdn.com/js/tilda-forms-1.0.min.js]
[static.tildacdn.com/js/tilda-zero-forms-1.0.min.js]
[static.tildacdn.com/js/tilda-animation-sbs-1.0.min.js]
[static.tildacdn.com/js/tilda-zero-scale-1.0.min.js]
[static.tildacdn.com/js/tilda-events-1.0.min.js]
[static.tildacdn.com/tild3565-6134-4330-a637-373765386533/a1b156f0-e2b2-4237-a.png]
[static.tildacdn.com/tild3734-6631-4566-a539-643233306232/9f81cb0c-a042-43c0-8.png]
[static.tildacdn.com/tild3966-3564-4235-b438-333066666365/874dad28-bb68-46e5-9.png]
[static.tildacdn.com/tild3636-3761-4562-a361-353631636165/e52d48da-a506-4ff9-9.png]
[static.tildacdn.com/tild6666-6334-4564-b032-643364363330/pngwingcom_5.png]
[thb.tildacdn.com/tild6666-6334-4564-b032-643364363330/-/resize/20x/pngwingcom_5.png]
[thb.tildacdn.com/tild3733-3537-4961-b662-393832366663/-/resize/20x/Group_309.png]
[megatimer.ru/get/8d2210f1b807756db4991231aae9c2d0.js]
[priglasi-krasivo.online/charm.html]
[static.tildacdn.com/css/tilda-grid-3.0.min.css]
[static.tildacdn.com/ws/project8501916/tilda-blocks-page61871191.min85eb.css]
[static.tildacdn.com/css/tilda-animation-2.0.min.css]
[static.tildacdn.com/css/tilda-forms-1.0.min.css]
[priglasi-krasivo.online/OPR/index.html]
[static.tildacdn.com/js/tilda-stat-1.0.min.js]
